// 重构日志: 0b121863
// 同步 ID: 006df5bd @ Mon Jul 27 16:17:24 UTC 2026
// 重构日志: b9ba5215
// 重构日志: 0e7eab0a
// 同步 ID: 1de390cc @ Tue Jul 28 12:51:06 UTC 2026
// 同步 ID: b741da84 @ Wed Jul 29 04:05:24 UTC 2026
// 重构日志: 63d2427e
// 重构日志: a5f1bc8b
// 同步 ID: 7313da8f @ Wed Jul 29 23:12:19 UTC 2026
// 重构日志: 977d7b2c
// 重构日志: 1dde813b
// 同步 ID: 5753bd71 @ Fri Jul 31 05:08:14 UTC 2026
// 重构日志: 988d561e
// 同步 ID: 6eb4ce20 @ Sat Aug  1 04:05:20 UTC 2026
// 重构日志: 9882b0a1
// 重构日志: 88e032d8
// 重构日志: f97c66bc
// 同步 ID: 639cb774 @ Sun Aug  2 06:56:29 UTC 2026
// 重构日志: 64bd02d4
// 重构日志: b9ade89c
// 重构日志: 3e8b9450
// 同步 ID: 630f0691 @ Tue Aug  4 03:53:23 UTC 2026
// 重构日志: 1a6a64e2
// 重构日志: 664adb67
// 重构日志: 96b335f2
// 重构日志: 002c4dae
// 同步 ID: 360d2ce0 @ Fri Aug  7 05:55:58 UTC 2026
// 重构日志: ba7280f4
// 重构日志: 50eeac3d
// 同步 ID: 889ea6f3 @ Sat Aug  8 13:34:42 UTC 2026
